[2026-09-18T09:06:59Z] === ENRICH ITERATION 1 START | repo=pydantic/pydantic sha=4cd172ca ===
[2026-09-18T09:06:59Z] [iter=1] PHASE START: enrich repo=pydantic/pydantic sha=4cd172ca runlog=/home/runner/work/forx/forx/storage/aggregate/lsp/logs/4cd172ca-enrich-iter-001.log output=/home/runner/work/forx/forx/storage/aggregate/lsp/4cd172ca710a2617280563292f55b1a18f743b26.nq.gz
[2026-09-18T09:07:04Z] [iter=1] Step 1: Loading AST into disk-backed store mem_mb=79 MB
[2026-09-18T09:08:36Z] [iter=1] AST store loaded triples=8954821 load_secs=88 mem_mb=1043 MB
[2026-09-18T09:08:36Z] [iter=1] Step 2: Finding LSP targets mem_mb=1043 MB
[2026-09-18T09:08:53Z] [iter=1] LSP targets found call_sites=56955 imports=3255 extends=2899 implements=174 secs=17
[2026-09-18T09:09:07Z] [iter=1] Step 2.7: Building position index (one-shot, shared across resolvers) mem_mb=1043 MB
[2026-09-18T09:10:09Z] [iter=1] Position index built positions=606968 nodes_with_types=787594 secs=62 mem_mb=1615 MB
[2026-09-18T09:10:09Z] [iter=1] Step 3: Starting LSP resolution mem_mb=1615 MB already_completed_types=[] already_completed_files=0
[2026-09-18T09:10:09Z] [iter=1] Resolving target type target_type=call_site count=56955
[2026-09-18T09:10:21Z] [iter=1] HEARTBEAT target_type=call_site elapsed_min=3.4 files_done=0 resolved=0 errors=0 current=pydantic-core/benches/main.rs
[2026-09-18T09:31:24Z] [iter=1] HEARTBEAT target_type=call_site elapsed_min=24.4 files_done=1 resolved=151 errors=327 current=pydantic-core/src/input/return_enums.rs
[2026-09-18T09:40:49Z] [iter=1] HEARTBEAT target_type=call_site elapsed_min=33.8 files_done=2 resolved=253 errors=475 current=pydantic-core/src/input/input_python.rs
[2026-09-18T10:02:37Z] [iter=1] HEARTBEAT target_type=call_site elapsed_min=55.6 files_done=3 resolved=505 errors=820 current=pydantic-core/src/validators/string.rs
[2026-09-18T10:04:48Z] [iter=1] HEARTBEAT target_type=call_site elapsed_min=57.8 files_done=4 resolved=575 errors=854 current=pydantic-core/src/validators/bool.rs
[2026-09-18T10:05:38Z] [iter=1] HEARTBEAT target_type=call_site elapsed_min=58.6 files_done=5 resolved=580 errors=867 current=pydantic-core/src/validators/arguments_v3.rs
[2026-09-18T10:21:09Z] [iter=1] HEARTBEAT target_type=call_site elapsed_min=74.2 files_done=6 resolved=658 errors=1113 current=pydantic-core/src/serializers/type_serializers/format.rs
[2026-09-18T10:24:45Z] [iter=1] HEARTBEAT target_type=call_site elapsed_min=77.8 files_done=7 resolved=692 errors=1170 current=pydantic-core/src/serializers/extra.rs
[2026-09-18T10:29:22Z] [iter=1] HEARTBEAT target_type=call_site elapsed_min=82.4 files_done=8 resolved=771 errors=1243 current=pydantic-core/src/errors/value_exception.rs
[2026-09-18T10:30:30Z] [iter=1] HEARTBEAT target_type=call_site elapsed_min=83.5 files_done=9 resolved=802 errors=1261 current=pydantic-core/src/validators/datetime.rs
[2026-09-18T10:35:42Z] [iter=1] HEARTBEAT target_type=call_site elapsed_min=88.7 files_done=10 resolved=854 errors=1343 current=pydantic-core/src/validators/union.rs
[2026-09-18T10:37:55Z] [iter=1] HEARTBEAT target_type=call_site elapsed_min=90.9 files_done=11 resolved=935 errors=1378 current=pydantic-core/src/input/input_json.rs
[2026-09-18T10:51:07Z] [iter=1] HEARTBEAT target_type=call_site elapsed_min=104.1 files_done=12 resolved=1058 errors=1587 current=pydantic-core/src/serializers/fields.rs
[2026-09-18T10:56:41Z] [iter=1] HEARTBEAT target_type=call_site elapsed_min=109.7 files_done=13 resolved=1101 errors=1675 current=pydantic-core/src/serializers/ser.rs
[2026-09-18T11:10:15Z] [iter=1] HEARTBEAT target_type=call_site elapsed_min=123.3 files_done=14 resolved=1198 errors=1890 current=pydantic-core/src/input/input_string.rs
[2026-09-18T11:13:51Z] [iter=1] HEARTBEAT target_type=call_site elapsed_min=126.9 files_done=15 resolved=1267 errors=1947 current=pydantic-core/src/serializers/type_serializers/literal.rs
[2026-09-18T11:17:12Z] [iter=1] HEARTBEAT target_type=call_site elapsed_min=130.2 files_done=16 resolved=1300 errors=2000 current=pydantic-core/src/validators/literal.rs
[2026-09-18T11:24:53Z] [iter=1] HEARTBEAT target_type=call_site elapsed_min=137.9 files_done=17 resolved=1351 errors=2122 current=pydantic-core/src/errors/types.rs
[2026-09-18T11:28:36Z] [iter=1] HEARTBEAT target_type=call_site elapsed_min=141.6 files_done=18 resolved=1403 errors=2181 current=pydantic-core/src/input/shared.rs
[2026-09-18T11:34:22Z] [iter=1] HEARTBEAT target_type=call_site elapsed_min=147.4 files_done=19 resolved=1445 errors=2272 current=pydantic-core/src/url.rs
[2026-09-18T11:43:15Z] [iter=1] HEARTBEAT target_type=call_site elapsed_min=156.3 files_done=20 resolved=1590 errors=2412 current=pydantic-core/src/validators/timedelta.rs
[2026-09-18T11:45:47Z] [iter=1] HEARTBEAT target_type=call_site elapsed_min=158.8 files_done=21 resolved=1609 errors=2452 current=pydantic-core/src/validators/decimal.rs
[2026-09-18T11:48:01Z] [iter=1] HEARTBEAT target_type=call_site elapsed_min=161.0 files_done=22 resolved=1683 errors=2487 current=pydantic-core/src/validators/list.rs
[2026-09-18T11:49:59Z] [iter=1] HEARTBEAT target_type=call_site elapsed_min=163.0 files_done=23 resolved=1702 errors=2518 current=pydantic-core/src/serializers/shared.rs
[2026-09-18T11:59:37Z] [iter=1] HEARTBEAT target_type=call_site elapsed_min=172.6 files_done=24 resolved=1750 errors=2671 current=pydantic-core/src/validators/int.rs
[2026-09-18T12:03:25Z] [iter=1] HEARTBEAT target_type=call_site elapsed_min=176.4 files_done=25 resolved=1782 errors=2731 current=pydantic-core/src/input/datetime.rs
[2026-09-18T12:15:17Z] [iter=1] HEARTBEAT target_type=call_site elapsed_min=188.3 files_done=26 resolved=1921 errors=2919 current=pydantic-core/src/validators/uuid.rs
[2026-09-18T12:18:38Z] [iter=1] HEARTBEAT target_type=call_site elapsed_min=191.7 files_done=27 resolved=1944 errors=2972 current=pydantic-core/src/serializers/type_serializers/tuple.rs
[2026-09-18T12:21:55Z] [iter=1] HEARTBEAT target_type=call_site elapsed_min=194.9 files_done=28 resolved=1983 errors=3024 current=pydantic-core/src/validators/nullable.rs
[2026-09-18T12:30:19Z] [iter=1] HEARTBEAT target_type=call_site elapsed_min=203.3 files_done=30 resolved=2060 errors=3157 current=pydantic-core/src/input/input_abstract.rs
[2026-09-18T12:30:49Z] [iter=1] HEARTBEAT target_type=call_site elapsed_min=203.8 files_done=31 resolved=2093 errors=3165 current=pydantic-core/src/serializers/infer.rs
[2026-09-18T12:49:48Z] [iter=1] HEARTBEAT target_type=call_site elapsed_min=222.8 files_done=32 resolved=2169 errors=3466 current=pydantic-core/src/validators/arguments.rs
[2026-09-18T12:58:56Z] [iter=1] HEARTBEAT target_type=call_site elapsed_min=232.0 files_done=33 resolved=2214 errors=3609 current=pydantic-core/src/validators/dataclass.rs
[2026-09-18T13:07:13Z] [iter=1] CHECKPOINT TRIGGERED elapsed_min=240.2 files_completed=33 new_files_this_iter=33 mem_mb=1617 MB
[2026-09-18T13:07:13Z] [iter=1] Writing partial enrichment graph path=/home/runner/work/forx/forx/storage/aggregate/lsp/4cd172ca710a2617280563292f55b1a18f743b26.nq.gz triples=55427
[2026-09-18T13:07:14Z] [iter=1] Checkpoint written, exiting with code 7
[2026-09-18T13:07:14Z] [iter=1] PHASE END: enrich (checkpointed) elapsed_s=14414 elapsed_min=240.2 files_completed=33
