[2026-09-26T07:07:26Z] === ENRICH ITERATION 2 START | repo=pydantic/pydantic sha=5c842dfc ===
[2026-09-26T07:07:26Z] [iter=2] PHASE START: enrich repo=pydantic/pydantic sha=5c842dfc runlog=/home/runner/work/forx/forx/storage/aggregate/lsp/logs/5c842dfc-enrich-iter-002.log output=/home/runner/work/forx/forx/storage/aggregate/lsp/5c842dfc9c245fb37aa1f5ec5b55c1aed10bd7e6.nq.gz
[2026-09-26T07:07:30Z] [iter=2] Step 1: Loading AST into disk-backed store mem_mb=80 MB
[2026-09-26T07:08:16Z] [iter=2] AST store loaded triples=4804173 load_secs=43 mem_mb=952 MB
[2026-09-26T07:08:16Z] [iter=2] Step 2: Finding LSP targets mem_mb=952 MB
[2026-09-26T07:08:25Z] [iter=2] LSP targets found call_sites=25831 imports=1920 extends=3592 implements=0 secs=10
[2026-09-26T07:08:29Z] [iter=2] Loaded checkpoint partial graph triples=82515
[2026-09-26T07:08:37Z] [iter=2] Step 2.7: Building position index (one-shot, shared across resolvers) mem_mb=952 MB
[2026-09-26T07:09:11Z] [iter=2] Position index built positions=329023 nodes_with_types=425418 secs=34 mem_mb=1125 MB
[2026-09-26T07:09:11Z] [iter=2] Step 3: Starting LSP resolution mem_mb=1125 MB already_completed_types=[] already_completed_files=42
[2026-09-26T07:09:11Z] [iter=2] Resolving target type target_type=call_site count=25831
[2026-09-26T07:09:12Z] [iter=2] HEARTBEAT target_type=call_site elapsed_min=1.8 files_done=0 resolved=0 errors=0 current=tests/test_edge_cases.py
[2026-09-26T07:23:57Z] [iter=2] HEARTBEAT target_type=call_site elapsed_min=16.5 files_done=1 resolved=37 errors=440 current=tests/test_networks_ipaddress.py
[2026-09-26T07:25:35Z] [iter=2] HEARTBEAT target_type=call_site elapsed_min=18.1 files_done=2 resolved=69 errors=489 current=pydantic/v1/generics.py
[2026-09-26T07:27:00Z] [iter=2] HEARTBEAT target_type=call_site elapsed_min=19.6 files_done=3 resolved=120 errors=530 current=pydantic/deprecated/class_validators.py
[2026-09-26T07:27:31Z] [iter=2] HEARTBEAT target_type=call_site elapsed_min=20.1 files_done=4 resolved=133 errors=544 current=pydantic/alias_generators.py
[2026-09-26T07:28:02Z] [iter=2] HEARTBEAT target_type=call_site elapsed_min=20.6 files_done=5 resolved=141 errors=559 current=tests/test_computed_fields.py
[2026-09-26T07:32:23Z] [iter=2] HEARTBEAT target_type=call_site elapsed_min=24.9 files_done=6 resolved=162 errors=685 current=tests/test_utils.py
[2026-09-26T07:35:11Z] [iter=2] HEARTBEAT target_type=call_site elapsed_min=27.7 files_done=7 resolved=193 errors=764 current=tests/test_networks.py
[2026-09-26T07:40:57Z] [iter=2] HEARTBEAT target_type=call_site elapsed_min=33.5 files_done=8 resolved=265 errors=936 current=tests/test_experimental_arguments_schema.py
[2026-09-26T07:41:47Z] [iter=2] HEARTBEAT target_type=call_site elapsed_min=34.3 files_done=9 resolved=277 errors=961 current=tests/mypy/outputs/pyproject-plugin_toml/plugin_fail.py
[2026-09-26T07:43:49Z] [iter=2] HEARTBEAT target_type=call_site elapsed_min=36.4 files_done=10 resolved=278 errors=1022 current=tests/test_json.py
[2026-09-26T07:48:50Z] [iter=2] HEARTBEAT target_type=call_site elapsed_min=41.4 files_done=11 resolved=318 errors=1173 current=tests/test_config.py
[2026-09-26T07:55:19Z] [iter=2] HEARTBEAT target_type=call_site elapsed_min=47.9 files_done=12 resolved=422 errors=1368 current=tests/test_pipeline.py
[2026-09-26T08:04:07Z] [iter=2] HEARTBEAT target_type=call_site elapsed_min=56.7 files_done=13 resolved=472 errors=1632 current=release/prepare.py
[2026-09-26T08:05:00Z] [iter=2] HEARTBEAT target_type=call_site elapsed_min=57.6 files_done=14 resolved=499 errors=1658 current=tests/test_validate_call.py
[2026-09-26T08:12:23Z] [iter=2] HEARTBEAT target_type=call_site elapsed_min=64.9 files_done=15 resolved=549 errors=1879 current=tests/test_datetime.py
[2026-09-26T08:15:28Z] [iter=2] HEARTBEAT target_type=call_site elapsed_min=68.0 files_done=16 resolved=566 errors=1971 current=tests/benchmarks/test_model_serialization.py
[2026-09-26T08:17:24Z] [iter=2] HEARTBEAT target_type=call_site elapsed_min=70.0 files_done=18 resolved=702 errors=2027 current=pydantic/warnings.py
[2026-09-26T08:20:02Z] [iter=2] HEARTBEAT target_type=call_site elapsed_min=72.6 files_done=21 resolved=716 errors=2106 current=tests/test_discriminated_union.py
[2026-09-26T08:29:37Z] [iter=2] HEARTBEAT target_type=call_site elapsed_min=82.2 files_done=22 resolved=864 errors=2391 current=pydantic/_internal/_schema_gather.py
[2026-09-26T08:31:03Z] [iter=2] HEARTBEAT target_type=call_site elapsed_min=83.6 files_done=23 resolved=870 errors=2434 current=pydantic/_internal/_mock_val_ser.py
[2026-09-26T08:32:19Z] [iter=2] HEARTBEAT target_type=call_site elapsed_min=84.9 files_done=24 resolved=875 errors=2472 current=tests/test_docs_extraction.py
[2026-09-26T08:33:41Z] [iter=2] HEARTBEAT target_type=call_site elapsed_min=86.2 files_done=25 resolved=880 errors=2513 current=pydantic/v1/validators.py
[2026-09-26T08:37:24Z] [iter=2] HEARTBEAT target_type=call_site elapsed_min=90.0 files_done=26 resolved=980 errors=2625 current=tests/test_titles.py
[2026-09-26T08:41:30Z] [iter=2] HEARTBEAT target_type=call_site elapsed_min=94.1 files_done=27 resolved=990 errors=2748 current=pydantic/v1/fields.py
[2026-09-26T08:48:41Z] [iter=2] HEARTBEAT target_type=call_site elapsed_min=101.2 files_done=28 resolved=1073 errors=2964 current=pydantic/v1/schema.py
[2026-09-26T08:54:03Z] [iter=2] HEARTBEAT target_type=call_site elapsed_min=106.6 files_done=29 resolved=1174 errors=3125 current=pydantic/_internal/_known_annotated_metadata.py
[2026-09-26T08:55:01Z] [iter=2] HEARTBEAT target_type=call_site elapsed_min=107.6 files_done=32 resolved=1250 errors=3154 current=pydantic/v1/color.py
[2026-09-26T08:57:15Z] [iter=2] HEARTBEAT target_type=call_site elapsed_min=109.8 files_done=33 resolved=1284 errors=3221 current=tests/typechecking/decorators.py
[2026-09-26T08:59:24Z] [iter=2] HEARTBEAT target_type=call_site elapsed_min=112.0 files_done=34 resolved=1289 errors=3286 current=tests/test_root_model.py
[2026-09-26T09:03:25Z] [iter=2] HEARTBEAT target_type=call_site elapsed_min=116.0 files_done=35 resolved=1315 errors=3406 current=pydantic/plugin/_schema_validator.py
[2026-09-26T09:03:57Z] [iter=2] HEARTBEAT target_type=call_site elapsed_min=116.5 files_done=36 resolved=1331 errors=3422 current=tests/benchmarks/basemodel_eq_performance.py
[2026-09-26T09:05:34Z] [iter=2] HEARTBEAT target_type=call_site elapsed_min=118.1 files_done=37 resolved=1391 errors=3469 current=tests/benchmarks/generate_north_star_data.py
[2026-09-26T09:07:04Z] [iter=2] HEARTBEAT target_type=call_site elapsed_min=119.6 files_done=38 resolved=1398 errors=3514 current=pydantic/v1/decorator.py
[2026-09-26T09:08:15Z] [iter=2] HEARTBEAT target_type=call_site elapsed_min=120.8 files_done=39 resolved=1423 errors=3549 current=pydantic/main.py
[2026-09-26T09:11:39Z] [iter=2] HEARTBEAT target_type=call_site elapsed_min=124.2 files_done=40 resolved=1603 errors=3649 current=tests/benchmarks/test_fastapi_startup_generics.py
[2026-09-26T09:12:09Z] [iter=2] HEARTBEAT target_type=call_site elapsed_min=124.7 files_done=41 resolved=1624 errors=3664 current=tests/test_warnings.py
[2026-09-26T09:14:08Z] [iter=2] HEARTBEAT target_type=call_site elapsed_min=126.7 files_done=43 resolved=1694 errors=3723 current=tests/mypy/outputs/pyproject-plugin-strict_toml/fail_defaults.py
[2026-09-26T09:14:50Z] [iter=2] HEARTBEAT target_type=call_site elapsed_min=127.4 files_done=45 resolved=1697 errors=3744 current=pydantic/v1/_hypothesis_plugin.py
[2026-09-26T09:15:30Z] [iter=2] HEARTBEAT target_type=call_site elapsed_min=128.1 files_done=46 resolved=1724 errors=3764 current=tests/test_annotated.py
[2026-09-26T09:20:38Z] [iter=2] HEARTBEAT target_type=call_site elapsed_min=133.2 files_done=47 resolved=1760 errors=3918 current=tests/test_pickle.py
[2026-09-26T09:21:47Z] [iter=2] HEARTBEAT target_type=call_site elapsed_min=134.3 files_done=48 resolved=1804 errors=3952 current=tests/mypy/outputs/mypy-plugin-strict_ini/plugin_success.py
[2026-09-26T09:24:11Z] [iter=2] HEARTBEAT target_type=call_site elapsed_min=136.7 files_done=49 resolved=1808 errors=4024 current=tests/mypy/modules/fail_defaults.py
[2026-09-26T09:27:26Z] [iter=2] HEARTBEAT target_type=call_site elapsed_min=140.0 files_done=51 resolved=1820 errors=4122 current=tests/test_deprecated.py
[2026-09-26T09:31:32Z] [iter=2] HEARTBEAT target_type=call_site elapsed_min=144.1 files_done=52 resolved=1853 errors=4245 current=pydantic/_internal/_repr.py
[2026-09-26T09:33:44Z] [iter=2] HEARTBEAT target_type=call_site elapsed_min=146.3 files_done=54 resolved=1906 errors=4311 current=tests/test_internal.py
[2026-09-26T09:34:59Z] [iter=2] HEARTBEAT target_type=call_site elapsed_min=147.5 files_done=56 resolved=1977 errors=4348 current=tests/test_deprecated_fields.py
[2026-09-26T09:36:09Z] [iter=2] HEARTBEAT target_type=call_site elapsed_min=148.7 files_done=57 resolved=1988 errors=4383 current=pydantic/_internal/_decorators.py
[2026-09-26T09:38:17Z] [iter=2] HEARTBEAT target_type=call_site elapsed_min=150.8 files_done=58 resolved=2089 errors=4446 current=tests/test_docs.py
[2026-09-26T09:39:56Z] [iter=2] HEARTBEAT target_type=call_site elapsed_min=152.5 files_done=59 resolved=2122 errors=4495 current=tests/mypy/modules/plugin_fail.py
[2026-09-26T09:41:58Z] [iter=2] HEARTBEAT target_type=call_site elapsed_min=154.5 files_done=60 resolved=2123 errors=4556 current=pydantic/functional_validators.py
[2026-09-26T09:43:14Z] [iter=2] HEARTBEAT target_type=call_site elapsed_min=155.8 files_done=61 resolved=2165 errors=4594 current=tests/mypy/modules/plugin_success.py
[2026-09-26T09:45:38Z] [iter=2] HEARTBEAT target_type=call_site elapsed_min=158.2 files_done=62 resolved=2169 errors=4666 current=pydantic/_internal/_serializers.py
[2026-09-26T09:46:56Z] [iter=2] HEARTBEAT target_type=call_site elapsed_min=159.5 files_done=64 resolved=2241 errors=4705 current=tests/test_types_zoneinfo.py
[2026-09-26T09:48:54Z] [iter=2] HEARTBEAT target_type=call_site elapsed_min=161.5 files_done=66 resolved=2245 errors=4764 current=pydantic/v1/env_settings.py
[2026-09-26T09:50:44Z] [iter=2] HEARTBEAT target_type=call_site elapsed_min=163.3 files_done=67 resolved=2268 errors=4819 current=pydantic/v1/typing.py
[2026-09-26T09:52:10Z] [iter=2] HEARTBEAT target_type=call_site elapsed_min=164.7 files_done=68 resolved=2335 errors=4862 current=pydantic/_internal/_dataclasses.py
[2026-09-26T09:55:10Z] [iter=2] HEARTBEAT target_type=call_site elapsed_min=167.7 files_done=70 resolved=2375 errors=4952 current=pydantic/v1/json.py
[2026-09-26T09:57:18Z] [iter=2] HEARTBEAT target_type=call_site elapsed_min=169.9 files_done=72 resolved=2425 errors=5016 current=tests/mypy/outputs/mypy-plugin_ini/decorator_implicit_classmethod.py
[2026-09-26T09:58:36Z] [iter=2] HEARTBEAT target_type=call_site elapsed_min=171.2 files_done=74 resolved=2448 errors=5055 current=tests/test_parse.py
[2026-09-26T10:00:10Z] [iter=2] HEARTBEAT target_type=call_site elapsed_min=172.7 files_done=75 resolved=2459 errors=5102 current=tests/benchmarks/test_isinstance.py
[2026-09-26T10:06:53Z] [iter=2] HEARTBEAT target_type=call_site elapsed_min=179.4 files_done=77 resolved=2487 errors=5304 current=tests/mypy/outputs/mypy-plugin-strict_ini/plugin_fail.py
[2026-09-26T10:08:57Z] [iter=2] HEARTBEAT target_type=call_site elapsed_min=181.5 files_done=78 resolved=2488 errors=5365 current=tests/mypy/outputs/mypy-default_ini/plugin_success_baseConfig.py
[2026-09-26T10:10:24Z] [iter=2] HEARTBEAT target_type=call_site elapsed_min=183.0 files_done=79 resolved=2495 errors=5409 current=pydantic/_internal/_validate_call.py
[2026-09-26T10:11:08Z] [iter=2] HEARTBEAT target_type=call_site elapsed_min=183.7 files_done=80 resolved=2504 errors=5431 current=tests/test_create_model.py
[2026-09-26T10:14:34Z] [iter=2] HEARTBEAT target_type=call_site elapsed_min=187.1 files_done=81 resolved=2512 errors=5534 current=pydantic/_internal/_core_utils.py
[2026-09-26T10:15:17Z] [iter=2] HEARTBEAT target_type=call_site elapsed_min=187.8 files_done=83 resolved=2537 errors=5555 current=pydantic/v1/errors.py
[2026-09-26T10:16:02Z] [iter=2] HEARTBEAT target_type=call_site elapsed_min=188.6 files_done=86 resolved=2618 errors=5577 current=tests/mypy/outputs/pyproject-plugin-strict_toml/plugin_success_baseConfig.py
[2026-09-26T10:17:30Z] [iter=2] HEARTBEAT target_type=call_site elapsed_min=190.1 files_done=87 resolved=2625 errors=5621 current=pydantic/v1/datetime_parse.py
[2026-09-26T10:19:02Z] [iter=2] HEARTBEAT target_type=call_site elapsed_min=191.6 files_done=88 resolved=2654 errors=5667 current=release/push.py
[2026-09-26T10:19:48Z] [iter=2] HEARTBEAT target_type=call_site elapsed_min=192.4 files_done=89 resolved=2675 errors=5690 current=tests/mypy/outputs/mypy-plugin_ini/frozen_field.py
[2026-09-26T10:20:46Z] [iter=2] HEARTBEAT target_type=call_site elapsed_min=193.3 files_done=91 resolved=2677 errors=5719 current=tests/test_decorators.py
[2026-09-26T10:22:27Z] [iter=2] HEARTBEAT target_type=call_site elapsed_min=195.0 files_done=93 resolved=2688 errors=5770 current=tests/test_deferred_annotations.py
[2026-09-26T10:22:57Z] [iter=2] HEARTBEAT target_type=call_site elapsed_min=195.5 files_done=95 resolved=2692 errors=5785 current=tests/mypy/outputs/mypy-default_ini/metaclass_args.py
[2026-09-26T10:23:53Z] [iter=2] HEARTBEAT target_type=call_site elapsed_min=196.4 files_done=97 resolved=2693 errors=5813 current=tests/plugin/example_plugin.py
[2026-09-26T10:24:28Z] [iter=2] HEARTBEAT target_type=call_site elapsed_min=197.0 files_done=99 resolved=2712 errors=5830 current=tests/test_serialize_as_any.py
[2026-09-26T10:26:13Z] [iter=2] HEARTBEAT target_type=call_site elapsed_min=198.8 files_done=100 resolved=2725 errors=5883 current=tests/typechecking/with_config_decorator.py
[2026-09-26T10:26:45Z] [iter=2] HEARTBEAT target_type=call_site elapsed_min=199.3 files_done=102 resolved=2743 errors=5899 current=tests/test_structural_pattern_matching.py
[2026-09-26T10:28:39Z] [iter=2] HEARTBEAT target_type=call_site elapsed_min=201.2 files_done=104 resolved=2744 errors=5956 current=pydantic/deprecated/tools.py
[2026-09-26T10:30:53Z] [iter=2] HEARTBEAT target_type=call_site elapsed_min=203.4 files_done=106 resolved=2756 errors=6023 current=pydantic/deprecated/copy_internals.py
[2026-09-26T10:32:23Z] [iter=2] HEARTBEAT target_type=call_site elapsed_min=204.9 files_done=107 resolved=2771 errors=6068 current=pydantic/functional_serializers.py
[2026-09-26T10:33:01Z] [iter=2] HEARTBEAT target_type=call_site elapsed_min=205.6 files_done=108 resolved=2782 errors=6087 current=pydantic/networks.py
[2026-09-26T10:34:32Z] [iter=2] HEARTBEAT target_type=call_site elapsed_min=207.1 files_done=109 resolved=2872 errors=6132 current=pydantic/__init__.py
[2026-09-26T10:35:08Z] [iter=2] HEARTBEAT target_type=call_site elapsed_min=207.7 files_done=112 resolved=2896 errors=6150 current=tests/mypy/outputs/mypy-plugin_ini/plugin_fail_baseConfig.py
[2026-09-26T10:36:48Z] [iter=2] HEARTBEAT target_type=call_site elapsed_min=209.4 files_done=113 resolved=2897 errors=6200 current=tests/benchmarks/test_north_star.py
[2026-09-26T10:37:36Z] [iter=2] HEARTBEAT target_type=call_site elapsed_min=210.2 files_done=114 resolved=2903 errors=6224 current=tests/mypy/test_mypy.py
[2026-09-26T10:38:08Z] [iter=2] HEARTBEAT target_type=call_site elapsed_min=210.7 files_done=116 resolved=2955 errors=6240 current=tests/mypy/outputs/pyproject-plugin-strict_toml/plugin_success.py
[2026-09-26T10:40:32Z] [iter=2] HEARTBEAT target_type=call_site elapsed_min=213.1 files_done=117 resolved=2959 errors=6312 current=tests/typechecking/misc.py
[2026-09-26T10:44:14Z] [iter=2] HEARTBEAT target_type=call_site elapsed_min=216.8 files_done=119 resolved=2972 errors=6423 current=tests/benchmarks/test_fastapi_startup_simple.py
[2026-09-26T10:46:22Z] [iter=2] HEARTBEAT target_type=call_site elapsed_min=218.9 files_done=122 resolved=2983 errors=6487 current=tests/test_type_hints.py
[2026-09-26T10:47:06Z] [iter=2] HEARTBEAT target_type=call_site elapsed_min=219.7 files_done=124 resolved=2996 errors=6509 current=pydantic/type_adapter.py
[2026-09-26T10:48:21Z] [iter=2] HEARTBEAT target_type=call_site elapsed_min=220.9 files_done=125 resolved=3026 errors=6546 current=tests/mypy/modules/pydantic_settings.py
[2026-09-26T10:49:24Z] [iter=2] HEARTBEAT target_type=call_site elapsed_min=222.0 files_done=127 resolved=3101 errors=6577 current=tests/mypy/modules/plugin_fail_baseConfig.py
[2026-09-26T10:51:03Z] [iter=2] HEARTBEAT target_type=call_site elapsed_min=223.6 files_done=128 resolved=3102 errors=6627 current=pydantic/_internal/_namespace_utils.py
[2026-09-26T10:51:41Z] [iter=2] HEARTBEAT target_type=call_site elapsed_min=224.2 files_done=129 resolved=3110 errors=6646 current=pydantic/plugin/__init__.py
[2026-09-26T10:52:23Z] [iter=2] HEARTBEAT target_type=call_site elapsed_min=224.9 files_done=131 resolved=3125 errors=6667 current=pydantic/_internal/_docs_extraction.py
[2026-09-26T10:52:55Z] [iter=2] HEARTBEAT target_type=call_site elapsed_min=225.5 files_done=134 resolved=3156 errors=6683 current=tests/mypy/outputs/mypy-plugin_ini/root_models.py
[2026-09-26T10:54:15Z] [iter=2] HEARTBEAT target_type=call_site elapsed_min=226.8 files_done=136 resolved=3167 errors=6723 current=tests/benchmarks/test_model_schema_generation_recursive.py
[2026-09-26T10:55:11Z] [iter=2] HEARTBEAT target_type=call_site elapsed_min=227.7 files_done=139 resolved=3181 errors=6751 current=docs/plugins/algolia.py
[2026-09-26T10:56:41Z] [iter=2] HEARTBEAT target_type=call_site elapsed_min=229.2 files_done=140 resolved=3195 errors=6796 current=tests/test_abc.py
[2026-09-26T10:57:23Z] [iter=2] HEARTBEAT target_type=call_site elapsed_min=229.9 files_done=143 resolved=3208 errors=6817 current=tests/typechecking/type_adapter.py
[2026-09-26T10:58:09Z] [iter=2] HEARTBEAT target_type=call_site elapsed_min=230.7 files_done=145 resolved=3215 errors=6840 current=tests/mypy/outputs/mypy-plugin-very-strict_ini/metaclass_args.py
[2026-09-26T10:58:43Z] [iter=2] HEARTBEAT target_type=call_site elapsed_min=231.3 files_done=147 resolved=3221 errors=6857 current=tests/mypy/modules/frozen_field.py
[2026-09-26T10:59:19Z] [iter=2] HEARTBEAT target_type=call_site elapsed_min=231.9 files_done=150 resolved=3223 errors=6875 current=tests/benchmarks/test_attribute_access.py
[2026-09-26T11:00:08Z] [iter=2] HEARTBEAT target_type=call_site elapsed_min=232.7 files_done=156 resolved=3251 errors=6899 current=tests/mypy/modules/plugin_optional_inheritance.py
[2026-09-26T11:00:51Z] [iter=2] HEARTBEAT target_type=call_site elapsed_min=233.4 files_done=160 resolved=3266 errors=6920 current=tests/mypy/modules/from_orm_v1_noconflict.py
[2026-09-26T11:01:25Z] [iter=2] HEARTBEAT target_type=call_site elapsed_min=234.0 files_done=162 resolved=3278 errors=6937 current=tests/test_allow_partial.py
[2026-09-26T11:02:05Z] [iter=2] HEARTBEAT target_type=call_site elapsed_min=234.6 files_done=163 resolved=3285 errors=6957 current=pydantic/generics.py
[2026-09-26T11:03:35Z] [iter=2] HEARTBEAT target_type=call_site elapsed_min=236.1 files_done=165 resolved=3292 errors=7002 current=tests/typechecking/pipeline_api.py
[2026-09-26T11:04:07Z] [iter=2] HEARTBEAT target_type=call_site elapsed_min=236.7 files_done=166 resolved=3293 errors=7018 current=tests/test_exports.py
[2026-09-26T11:04:58Z] [iter=2] HEARTBEAT target_type=call_site elapsed_min=237.5 files_done=168 resolved=3320 errors=7044 current=tests/mypy/outputs/mypy-plugin_ini/plugin_strict_fields.py
[2026-09-26T11:05:30Z] [iter=2] HEARTBEAT target_type=call_site elapsed_min=238.1 files_done=170 resolved=3322 errors=7060 current=pydantic/_migration.py
[2026-09-26T11:06:16Z] [iter=2] HEARTBEAT target_type=call_site elapsed_min=238.8 files_done=173 resolved=3328 errors=7083 current=tests/typechecking/root_model.py
[2026-09-26T11:06:58Z] [iter=2] HEARTBEAT target_type=call_site elapsed_min=239.5 files_done=178 resolved=3352 errors=7104 current=tests/plugin/test_plugin.py
[2026-09-26T11:07:31Z] [iter=2] CHECKPOINT TRIGGERED elapsed_min=240.1 files_completed=225 new_files_this_iter=183 mem_mb=1143 MB
[2026-09-26T11:07:31Z] [iter=2] Writing partial enrichment graph path=/home/runner/work/forx/forx/storage/aggregate/lsp/5c842dfc9c245fb37aa1f5ec5b55c1aed10bd7e6.nq.gz triples=138541
[2026-09-26T11:07:32Z] [iter=2] Checkpoint written, exiting with code 7
[2026-09-26T11:07:32Z] [iter=2] PHASE END: enrich (checkpointed) elapsed_s=14404 elapsed_min=240.1 files_completed=225
