[2026-09-22T12:18:23Z] === ENRICH ITERATION 1 START | repo=pydantic/pydantic sha=bd2d0dd0 ===
[2026-09-22T12:18:23Z] [iter=1] PHASE START: enrich repo=pydantic/pydantic sha=bd2d0dd0 runlog=/home/runner/work/forx/forx/storage/aggregate/lsp/logs/bd2d0dd0-enrich-iter-001.log output=/home/runner/work/forx/forx/storage/aggregate/lsp/bd2d0dd0137dfa1a8fdff2529b9dfb1547980150.nq.gz
[2026-09-22T12:18:28Z] [iter=1] Step 1: Loading AST into disk-backed store mem_mb=80 MB
[2026-09-22T12:19:12Z] [iter=1] AST store loaded triples=4805190 load_secs=41 mem_mb=917 MB
[2026-09-22T12:19:12Z] [iter=1] Step 2: Finding LSP targets mem_mb=917 MB
[2026-09-22T12:19:20Z] [iter=1] LSP targets found call_sites=25840 imports=1921 extends=3594 implements=0 secs=9
[2026-09-22T12:19:28Z] [iter=1] Step 2.7: Building position index (one-shot, shared across resolvers) mem_mb=917 MB
[2026-09-22T12:19:59Z] [iter=1] Position index built positions=329097 nodes_with_types=425511 secs=32 mem_mb=997 MB
[2026-09-22T12:19:59Z] [iter=1] Step 3: Starting LSP resolution mem_mb=997 MB already_completed_types=[] already_completed_files=0
[2026-09-22T12:19:59Z] [iter=1] Resolving target type target_type=call_site count=25840
[2026-09-22T12:20:00Z] [iter=1] HEARTBEAT target_type=call_site elapsed_min=1.6 files_done=0 resolved=0 errors=0 current=pydantic/_internal/_discriminated_union.py
[2026-09-22T12:21:29Z] [iter=1] HEARTBEAT target_type=call_site elapsed_min=3.1 files_done=1 resolved=38 errors=43 current=tests/test_datetime.py
[2026-09-22T12:24:35Z] [iter=1] HEARTBEAT target_type=call_site elapsed_min=6.2 files_done=2 resolved=55 errors=135 current=tests/mypy/outputs/mypy-plugin_ini/plugin_fail.py
[2026-09-22T12:26:37Z] [iter=1] HEARTBEAT target_type=call_site elapsed_min=8.2 files_done=3 resolved=56 errors=196 current=tests/test_dataclasses.py
[2026-09-22T12:43:23Z] [iter=1] HEARTBEAT target_type=call_site elapsed_min=25.0 files_done=4 resolved=206 errors=698 current=pydantic/fields.py
[2026-09-22T12:44:56Z] [iter=1] HEARTBEAT target_type=call_site elapsed_min=26.5 files_done=5 resolved=340 errors=742 current=docs/plugins/main.py
[2026-09-22T12:45:41Z] [iter=1] HEARTBEAT target_type=call_site elapsed_min=27.3 files_done=6 resolved=431 errors=762 current=tests/test_types.py
[2026-09-22T13:20:32Z] [iter=1] HEARTBEAT target_type=call_site elapsed_min=62.2 files_done=7 resolved=1034 errors=1799 current=pydantic/mypy.py
[2026-09-22T13:22:59Z] [iter=1] HEARTBEAT target_type=call_site elapsed_min=64.6 files_done=8 resolved=1149 errors=1870 current=pydantic/v1/fields.py
[2026-09-22T13:30:12Z] [iter=1] HEARTBEAT target_type=call_site elapsed_min=71.8 files_done=9 resolved=1232 errors=2086 current=pydantic/experimental/pipeline.py
[2026-09-22T13:32:54Z] [iter=1] HEARTBEAT target_type=call_site elapsed_min=74.5 files_done=10 resolved=1339 errors=2167 current=tests/typechecking/decorators.py
[2026-09-22T13:35:04Z] [iter=1] HEARTBEAT target_type=call_site elapsed_min=76.7 files_done=11 resolved=1344 errors=2232 current=tests/test_pipeline.py
[2026-09-22T13:43:50Z] [iter=1] HEARTBEAT target_type=call_site elapsed_min=85.5 files_done=12 resolved=1394 errors=2496 current=tests/mypy/outputs/pyproject-plugin-strict_toml/plugin_success_baseConfig.py
[2026-09-22T13:45:18Z] [iter=1] HEARTBEAT target_type=call_site elapsed_min=86.9 files_done=13 resolved=1401 errors=2540 current=tests/test_validators.py
[2026-09-22T14:01:23Z] [iter=1] HEARTBEAT target_type=call_site elapsed_min=103.0 files_done=14 resolved=1565 errors=3022 current=tests/test_forward_ref.py
[2026-09-22T14:04:23Z] [iter=1] HEARTBEAT target_type=call_site elapsed_min=106.0 files_done=15 resolved=1606 errors=3110 current=tests/test_titles.py
[2026-09-22T14:08:27Z] [iter=1] HEARTBEAT target_type=call_site elapsed_min=110.1 files_done=16 resolved=1616 errors=3233 current=tests/test_main.py
[2026-09-22T14:28:18Z] [iter=1] HEARTBEAT target_type=call_site elapsed_min=129.9 files_done=17 resolved=1818 errors=3827 current=pydantic/v1/validators.py
[2026-09-22T14:32:02Z] [iter=1] HEARTBEAT target_type=call_site elapsed_min=133.6 files_done=18 resolved=1918 errors=3939 current=tests/test_deprecated_validate_arguments.py
[2026-09-22T14:35:02Z] [iter=1] HEARTBEAT target_type=call_site elapsed_min=136.6 files_done=19 resolved=1932 errors=4029 current=pydantic/_internal/_validate_call.py
[2026-09-22T14:35:46Z] [iter=1] HEARTBEAT target_type=call_site elapsed_min=137.4 files_done=20 resolved=1941 errors=4051 current=tests/mypy/outputs/pyproject-plugin-strict_toml/plugin_fail_baseConfig.py
[2026-09-22T14:37:25Z] [iter=1] HEARTBEAT target_type=call_site elapsed_min=139.0 files_done=21 resolved=1942 errors=4101 current=tests/test_generics.py
[2026-09-22T14:47:50Z] [iter=1] HEARTBEAT target_type=call_site elapsed_min=149.4 files_done=22 resolved=2321 errors=4411 current=tests/mypy/outputs/mypy-plugin-strict_ini/plugin_fail.py
[2026-09-22T14:49:52Z] [iter=1] HEARTBEAT target_type=call_site elapsed_min=151.5 files_done=23 resolved=2322 errors=4472 current=tests/test_json_schema.py
[2026-09-22T15:13:35Z] [iter=1] HEARTBEAT target_type=call_site elapsed_min=175.2 files_done=24 resolved=2517 errors=5171 current=pydantic/v1/typing.py
[2026-09-22T15:15:02Z] [iter=1] HEARTBEAT target_type=call_site elapsed_min=176.6 files_done=25 resolved=2584 errors=5214 current=tests/test_fields.py
[2026-09-22T15:16:55Z] [iter=1] HEARTBEAT target_type=call_site elapsed_min=178.5 files_done=26 resolved=2605 errors=5270 current=pydantic/_internal/_model_construction.py
[2026-09-22T15:19:12Z] [iter=1] HEARTBEAT target_type=call_site elapsed_min=180.8 files_done=27 resolved=2707 errors=5338 current=tests/test_docs.py
[2026-09-22T15:20:49Z] [iter=1] HEARTBEAT target_type=call_site elapsed_min=182.4 files_done=28 resolved=2740 errors=5387 current=tests/test_edge_cases.py
[2026-09-22T15:35:29Z] [iter=1] HEARTBEAT target_type=call_site elapsed_min=197.1 files_done=29 resolved=2859 errors=5827 current=tests/test_deferred_annotations.py
[2026-09-22T15:37:02Z] [iter=1] HEARTBEAT target_type=call_site elapsed_min=198.7 files_done=31 resolved=2869 errors=5874 current=tests/test_validate_call.py
[2026-09-22T15:44:23Z] [iter=1] HEARTBEAT target_type=call_site elapsed_min=206.0 files_done=32 resolved=2919 errors=6095 current=tests/test_networks.py
[2026-09-22T15:50:07Z] [iter=1] HEARTBEAT target_type=call_site elapsed_min=211.7 files_done=33 resolved=2991 errors=6267 current=tests/test_parse.py
[2026-09-22T15:51:40Z] [iter=1] HEARTBEAT target_type=call_site elapsed_min=213.3 files_done=34 resolved=3002 errors=6314 current=pydantic/_internal/_typing_extra.py
[2026-09-22T15:52:35Z] [iter=1] HEARTBEAT target_type=call_site elapsed_min=214.2 files_done=35 resolved=3077 errors=6341 current=tests/mypy/modules/plugin_strict_fields.py
[2026-09-22T15:58:09Z] [iter=1] HEARTBEAT target_type=call_site elapsed_min=219.8 files_done=37 resolved=3116 errors=6509 current=tests/test_type_adapter.py
[2026-09-22T16:04:04Z] [iter=1] HEARTBEAT target_type=call_site elapsed_min=225.7 files_done=38 resolved=3156 errors=6687 current=pydantic/validators.py
[2026-09-22T16:10:34Z] [iter=1] HEARTBEAT target_type=call_site elapsed_min=232.2 files_done=40 resolved=3260 errors=6883 current=tests/test_utils.py
[2026-09-22T16:13:11Z] [iter=1] HEARTBEAT target_type=call_site elapsed_min=234.8 files_done=41 resolved=3291 errors=6962 current=tests/test_create_model.py
[2026-09-22T16:16:35Z] [iter=1] HEARTBEAT target_type=call_site elapsed_min=238.2 files_done=42 resolved=3299 errors=7065 current=pydantic/v1/main.py
[2026-09-22T16:18:24Z] [iter=1] CHECKPOINT TRIGGERED elapsed_min=240.0 files_completed=42 new_files_this_iter=42 mem_mb=1014 MB
[2026-09-22T16:18:24Z] [iter=1] Writing partial enrichment graph path=/home/runner/work/forx/forx/storage/aggregate/lsp/bd2d0dd0137dfa1a8fdff2529b9dfb1547980150.nq.gz triples=75418
[2026-09-22T16:18:25Z] [iter=1] Checkpoint written, exiting with code 7
[2026-09-22T16:18:25Z] [iter=1] PHASE END: enrich (checkpointed) elapsed_s=14401 elapsed_min=240.0 files_completed=42
