[2026-09-20T00:45:13Z] === ENRICH ITERATION 3 START | repo=pydantic/pydantic sha=f29bd714 ===
[2026-09-20T00:45:13Z] [iter=3] PHASE START: enrich repo=pydantic/pydantic sha=f29bd714 runlog=/home/runner/work/forx/forx/storage/aggregate/lsp/logs/f29bd714-enrich-iter-003.log output=/home/runner/work/forx/forx/storage/aggregate/lsp/f29bd714a4cb863d6da5101daa01250278405ee2.nq.gz
[2026-09-20T00:45:19Z] [iter=3] Step 1: Loading AST into disk-backed store mem_mb=80 MB
[2026-09-20T00:46:52Z] [iter=3] AST store loaded triples=8954736 load_secs=89 mem_mb=1054 MB
[2026-09-20T00:46:52Z] [iter=3] Step 2: Finding LSP targets mem_mb=1054 MB
[2026-09-20T00:47:10Z] [iter=3] LSP targets found call_sites=56953 imports=3180 extends=2842 implements=174 secs=18
[2026-09-20T00:47:15Z] [iter=3] Loaded checkpoint partial graph triples=114045
[2026-09-20T00:47:29Z] [iter=3] Step 2.7: Building position index (one-shot, shared across resolvers) mem_mb=1054 MB
[2026-09-20T00:48:32Z] [iter=3] Position index built positions=606869 nodes_with_types=787484 secs=63 mem_mb=1833 MB
[2026-09-20T00:48:32Z] [iter=3] Step 3: Starting LSP resolution mem_mb=1833 MB already_completed_types=[] already_completed_files=52
[2026-09-20T00:48:32Z] [iter=3] Resolving target type target_type=call_site count=56953
[2026-09-20T00:48:33Z] [iter=3] HEARTBEAT target_type=call_site elapsed_min=3.3 files_done=0 resolved=0 errors=0 current=tests/test_validators.py
[2026-09-20T01:23:20Z] [iter=3] HEARTBEAT target_type=call_site elapsed_min=38.1 files_done=1 resolved=32 errors=559 current=tests/test_validate_call.py
[2026-09-20T01:40:38Z] [iter=3] HEARTBEAT target_type=call_site elapsed_min=55.4 files_done=2 resolved=83 errors=837 current=tests/test_annotated.py
[2026-09-20T01:50:12Z] [iter=3] HEARTBEAT target_type=call_site elapsed_min=65.0 files_done=3 resolved=119 errors=991 current=pydantic/v1/errors.py
[2026-09-20T01:52:15Z] [iter=3] HEARTBEAT target_type=call_site elapsed_min=67.0 files_done=5 resolved=187 errors=1024 current=pydantic/v1/mypy.py
[2026-09-20T01:59:02Z] [iter=3] HEARTBEAT target_type=call_site elapsed_min=73.8 files_done=6 resolved=258 errors=1133 current=pydantic/v1/fields.py
[2026-09-20T02:12:29Z] [iter=3] HEARTBEAT target_type=call_site elapsed_min=87.3 files_done=7 resolved=341 errors=1349 current=tests/test_model_signature.py
[2026-09-20T02:15:13Z] [iter=3] HEARTBEAT target_type=call_site elapsed_min=90.0 files_done=8 resolved=402 errors=1393 current=pydantic-core/tests/benchmarks/test_micro_benchmarks.py
[2026-09-20T02:26:25Z] [iter=3] HEARTBEAT target_type=call_site elapsed_min=101.2 files_done=9 resolved=844 errors=1571 current=pydantic/v1/class_validators.py
[2026-09-20T02:29:56Z] [iter=3] HEARTBEAT target_type=call_site elapsed_min=104.7 files_done=10 resolved=885 errors=1627 current=pydantic/_internal/_config.py
[2026-09-20T02:33:52Z] [iter=3] HEARTBEAT target_type=call_site elapsed_min=108.6 files_done=11 resolved=901 errors=1690 current=tests/types/test_fraction.py
[2026-09-20T02:35:40Z] [iter=3] HEARTBEAT target_type=call_site elapsed_min=110.4 files_done=12 resolved=977 errors=1719 current=pydantic/types.py
[2026-09-20T02:42:06Z] [iter=3] HEARTBEAT target_type=call_site elapsed_min=116.9 files_done=13 resolved=1175 errors=1822 current=pydantic-core/tests/serializers/test_functions.py
[2026-09-20T02:50:48Z] [iter=3] HEARTBEAT target_type=call_site elapsed_min=125.6 files_done=14 resolved=1331 errors=1962 current=pydantic-core/tests/serializers/test_timedelta.py
[2026-09-20T02:52:32Z] [iter=3] HEARTBEAT target_type=call_site elapsed_min=127.3 files_done=15 resolved=1351 errors=1990 current=tests/test_serialize.py
[2026-09-20T03:14:54Z] [iter=3] HEARTBEAT target_type=call_site elapsed_min=149.7 files_done=16 resolved=1383 errors=2352 current=pydantic/mypy.py
[2026-09-20T03:19:28Z] [iter=3] HEARTBEAT target_type=call_site elapsed_min=154.2 files_done=17 resolved=1498 errors=2424 current=pydantic-core/tests/test_hypothesis.py
[2026-09-20T03:20:50Z] [iter=3] HEARTBEAT target_type=call_site elapsed_min=155.6 files_done=18 resolved=1523 errors=2446 current=pydantic/v1/validators.py
[2026-09-20T03:27:47Z] [iter=3] HEARTBEAT target_type=call_site elapsed_min=162.6 files_done=19 resolved=1623 errors=2558 current=pydantic/plugin/_schema_validator.py
[2026-09-20T03:28:47Z] [iter=3] HEARTBEAT target_type=call_site elapsed_min=163.6 files_done=20 resolved=1639 errors=2574 current=pydantic-core/tests/validators/arguments_v3/test_var_kwargs_uniform.py
[2026-09-20T03:32:32Z] [iter=3] HEARTBEAT target_type=call_site elapsed_min=167.3 files_done=22 resolved=1665 errors=2635 current=tests/test_generics.py
[2026-09-20T03:56:39Z] [iter=3] HEARTBEAT target_type=call_site elapsed_min=191.4 files_done=23 resolved=2018 errors=3024 current=tests/test_deprecated.py
[2026-09-20T04:04:15Z] [iter=3] HEARTBEAT target_type=call_site elapsed_min=199.0 files_done=24 resolved=2051 errors=3147 current=pydantic/main.py
[2026-09-20T04:10:29Z] [iter=3] HEARTBEAT target_type=call_site elapsed_min=205.3 files_done=25 resolved=2231 errors=3247 current=pydantic/_internal/_validate_call.py
[2026-09-20T04:11:54Z] [iter=3] HEARTBEAT target_type=call_site elapsed_min=206.7 files_done=26 resolved=2239 errors=3270 current=pydantic/_internal/_generate_schema.py
[2026-09-20T04:36:09Z] [iter=3] HEARTBEAT target_type=call_site elapsed_min=230.9 files_done=27 resolved=2627 errors=3658 current=pydantic/v1/schema.py
[2026-09-20T04:45:20Z] [iter=3] CHECKPOINT TRIGGERED elapsed_min=240.1 files_completed=79 new_files_this_iter=27 mem_mb=1880 MB
[2026-09-20T04:45:20Z] [iter=3] Writing partial enrichment graph path=/home/runner/work/forx/forx/storage/aggregate/lsp/f29bd714a4cb863d6da5101daa01250278405ee2.nq.gz triples=151622
[2026-09-20T04:45:23Z] [iter=3] Checkpoint written, exiting with code 7
[2026-09-20T04:45:23Z] [iter=3] PHASE END: enrich (checkpointed) elapsed_s=14406 elapsed_min=240.1 files_completed=79
