[2026-09-20T15:08:57Z] === ENRICH ITERATION 6 START | repo=pydantic/pydantic sha=f29bd714 ===
[2026-09-20T15:08:57Z] [iter=6] PHASE START: enrich repo=pydantic/pydantic sha=f29bd714 runlog=/home/runner/work/forx/forx/storage/aggregate/lsp/logs/f29bd714-enrich-iter-006.log output=/home/runner/work/forx/forx/storage/aggregate/lsp/f29bd714a4cb863d6da5101daa01250278405ee2.nq.gz
[2026-09-20T15:09:01Z] [iter=6] Step 1: Loading AST into disk-backed store mem_mb=79 MB
[2026-09-20T15:10:35Z] [iter=6] AST store loaded triples=8954736 load_secs=90 mem_mb=1053 MB
[2026-09-20T15:10:35Z] [iter=6] Step 2: Finding LSP targets mem_mb=1053 MB
[2026-09-20T15:10:52Z] [iter=6] LSP targets found call_sites=56953 imports=3180 extends=2842 implements=174 secs=17
[2026-09-20T15:11:02Z] [iter=6] Loaded checkpoint partial graph triples=233065
[2026-09-20T15:11:16Z] [iter=6] Step 2.7: Building position index (one-shot, shared across resolvers) mem_mb=1071 MB
[2026-09-20T15:12:19Z] [iter=6] Position index built positions=606869 nodes_with_types=787484 secs=63 mem_mb=2157 MB
[2026-09-20T15:12:19Z] [iter=6] Step 3: Starting LSP resolution mem_mb=2157 MB already_completed_types=[] already_completed_files=208
[2026-09-20T15:12:19Z] [iter=6] Resolving target type target_type=call_site count=56953
[2026-09-20T15:12:20Z] [iter=6] HEARTBEAT target_type=call_site elapsed_min=3.4 files_done=0 resolved=0 errors=0 current=pydantic-core/tests/validators/test_set.py
[2026-09-20T15:15:56Z] [iter=6] HEARTBEAT target_type=call_site elapsed_min=7.0 files_done=1 resolved=51 errors=57 current=pydantic/_migration.py
[2026-09-20T15:16:46Z] [iter=6] HEARTBEAT target_type=call_site elapsed_min=7.8 files_done=3 resolved=80 errors=70 current=tests/mypy/modules/generics.py
[2026-09-20T15:21:09Z] [iter=6] HEARTBEAT target_type=call_site elapsed_min=12.2 files_done=6 resolved=155 errors=138 current=pydantic-core/tests/test_misc.py
[2026-09-20T15:22:07Z] [iter=6] HEARTBEAT target_type=call_site elapsed_min=13.2 files_done=7 resolved=201 errors=153 current=pydantic-core/tests/test_config.py
[2026-09-20T15:23:38Z] [iter=6] HEARTBEAT target_type=call_site elapsed_min=14.7 files_done=8 resolved=257 errors=177 current=pydantic-core/wasm-preview/run_tests.py
[2026-09-20T15:24:09Z] [iter=6] HEARTBEAT target_type=call_site elapsed_min=15.2 files_done=9 resolved=270 errors=185 current=tests/test_strict.py
[2026-09-20T15:25:44Z] [iter=6] HEARTBEAT target_type=call_site elapsed_min=16.8 files_done=10 resolved=272 errors=210 current=pydantic/aliases.py
[2026-09-20T15:26:15Z] [iter=6] HEARTBEAT target_type=call_site elapsed_min=17.3 files_done=12 resolved=282 errors=218 current=tests/test_deprecated_validate_arguments.py
[2026-09-20T15:31:58Z] [iter=6] HEARTBEAT target_type=call_site elapsed_min=23.0 files_done=13 resolved=296 errors=308 current=tests/test_types_self.py
[2026-09-20T15:34:13Z] [iter=6] HEARTBEAT target_type=call_site elapsed_min=25.3 files_done=14 resolved=304 errors=343 current=pydantic/experimental/arguments_schema.py
[2026-09-20T15:37:08Z] [iter=6] HEARTBEAT target_type=call_site elapsed_min=28.2 files_done=16 resolved=312 errors=388 current=pydantic/v1/tools.py
[2026-09-20T15:37:58Z] [iter=6] HEARTBEAT target_type=call_site elapsed_min=29.0 files_done=17 resolved=315 errors=401 current=tests/mypy/outputs/pyproject-plugin-strict_toml/plugin_fail.py
[2026-09-20T15:41:55Z] [iter=6] HEARTBEAT target_type=call_site elapsed_min=33.0 files_done=18 resolved=316 errors=462 current=pydantic/v1/json.py
[2026-09-20T15:42:26Z] [iter=6] HEARTBEAT target_type=call_site elapsed_min=33.5 files_done=19 resolved=325 errors=470 current=tests/test_migration.py
[2026-09-20T15:43:12Z] [iter=6] HEARTBEAT target_type=call_site elapsed_min=34.3 files_done=20 resolved=329 errors=482 current=pydantic-core/tests/serializers/test_json.py
[2026-09-20T15:44:40Z] [iter=6] HEARTBEAT target_type=call_site elapsed_min=35.7 files_done=21 resolved=342 errors=505 current=pydantic/class_validators.py
[2026-09-20T15:47:54Z] [iter=6] HEARTBEAT target_type=call_site elapsed_min=39.0 files_done=23 resolved=343 errors=556 current=pydantic-core/tests/serializers/test_url.py
[2026-09-20T15:49:59Z] [iter=6] HEARTBEAT target_type=call_site elapsed_min=41.0 files_done=24 resolved=379 errors=589 current=pydantic/utils.py
[2026-09-20T15:50:45Z] [iter=6] HEARTBEAT target_type=call_site elapsed_min=41.8 files_done=26 resolved=411 errors=601 current=tests/test_types_zoneinfo.py
[2026-09-20T15:51:19Z] [iter=6] HEARTBEAT target_type=call_site elapsed_min=42.4 files_done=27 resolved=414 errors=610 current=pydantic/deprecated/decorator.py
[2026-09-20T15:53:32Z] [iter=6] HEARTBEAT target_type=call_site elapsed_min=44.6 files_done=28 resolved=437 errors=645 current=pydantic-core/tests/test_validation_context.py
[2026-09-20T15:55:04Z] [iter=6] HEARTBEAT target_type=call_site elapsed_min=46.1 files_done=29 resolved=457 errors=669 current=pydantic-core/tests/validators/arguments_v3/test_positional_or_keyword.py
[2026-09-20T15:55:35Z] [iter=6] HEARTBEAT target_type=call_site elapsed_min=46.6 files_done=30 resolved=476 errors=677 current=tests/test_exports.py
[2026-09-20T15:56:20Z] [iter=6] HEARTBEAT target_type=call_site elapsed_min=47.4 files_done=31 resolved=499 errors=689 current=tests/typechecking/base_model.py
[2026-09-20T15:56:55Z] [iter=6] HEARTBEAT target_type=call_site elapsed_min=48.0 files_done=33 resolved=529 errors=698 current=pydantic-core/tests/serializers/test_definitions.py
[2026-09-20T15:59:20Z] [iter=6] HEARTBEAT target_type=call_site elapsed_min=50.4 files_done=35 resolved=604 errors=736 current=pydantic-core/tests/serializers/test_pickling.py
[2026-09-20T16:00:06Z] [iter=6] HEARTBEAT target_type=call_site elapsed_min=51.2 files_done=36 resolved=626 errors=748 current=pydantic/deprecated/class_validators.py
[2026-09-20T16:00:59Z] [iter=6] HEARTBEAT target_type=call_site elapsed_min=52.0 files_done=37 resolved=639 errors=762 current=tests/mypy/modules/plugin_success.py
[2026-09-20T16:05:32Z] [iter=6] HEARTBEAT target_type=call_site elapsed_min=56.6 files_done=38 resolved=643 errors=834 current=tests/test_typing.py
[2026-09-20T16:06:29Z] [iter=6] HEARTBEAT target_type=call_site elapsed_min=57.5 files_done=39 resolved=655 errors=849 current=tests/test_assert_in_validators.py
[2026-09-20T16:07:49Z] [iter=6] HEARTBEAT target_type=call_site elapsed_min=58.9 files_done=41 resolved=662 errors=870 current=pydantic-core/tests/test_strict.py
[2026-09-20T16:08:23Z] [iter=6] HEARTBEAT target_type=call_site elapsed_min=59.4 files_done=42 resolved=664 errors=879 current=pydantic/v1/parse.py
[2026-09-20T16:09:32Z] [iter=6] HEARTBEAT target_type=call_site elapsed_min=60.6 files_done=44 resolved=702 errors=897 current=pydantic-core/tests/validators/arguments_v3/test_build_errors.py
[2026-09-20T16:10:10Z] [iter=6] HEARTBEAT target_type=call_site elapsed_min=61.2 files_done=46 resolved=750 errors=907 current=tests/benchmarks/test_model_validation.py
[2026-09-20T16:10:56Z] [iter=6] HEARTBEAT target_type=call_site elapsed_min=62.0 files_done=47 resolved=752 errors=919 current=tests/test_allow_partial.py
[2026-09-20T16:12:12Z] [iter=6] HEARTBEAT target_type=call_site elapsed_min=63.3 files_done=48 resolved=759 errors=939 current=pydantic-core/tests/benchmarks/nested_schema.py
[2026-09-20T16:13:10Z] [iter=6] HEARTBEAT target_type=call_site elapsed_min=64.2 files_done=50 resolved=795 errors=954 current=tests/mypy/outputs/pyproject-plugin-strict_toml/plugin_fail_baseConfig.py
[2026-09-20T16:16:19Z] [iter=6] HEARTBEAT target_type=call_site elapsed_min=67.4 files_done=51 resolved=796 errors=1004 current=tests/mypy/outputs/mypy-default_ini/pydantic_settings.py
[2026-09-20T16:19:53Z] [iter=6] HEARTBEAT target_type=call_site elapsed_min=70.9 files_done=53 resolved=829 errors=1057 current=pydantic/schema.py
[2026-09-20T16:23:45Z] [iter=6] HEARTBEAT target_type=call_site elapsed_min=74.8 files_done=55 resolved=869 errors=1111 current=pydantic-core/tests/validators/arguments_v3/test_general.py
[2026-09-20T16:24:48Z] [iter=6] HEARTBEAT target_type=call_site elapsed_min=75.9 files_done=56 resolved=911 errors=1125 current=docs/plugins/using_update.py
[2026-09-20T16:25:45Z] [iter=6] HEARTBEAT target_type=call_site elapsed_min=76.8 files_done=58 resolved=932 errors=1140 current=tests/benchmarks/test_validators_build.py
[2026-09-20T16:29:57Z] [iter=6] HEARTBEAT target_type=call_site elapsed_min=81.0 files_done=61 resolved=947 errors=1207 current=pydantic/functional_serializers.py
[2026-09-20T16:31:21Z] [iter=6] HEARTBEAT target_type=call_site elapsed_min=82.4 files_done=62 resolved=962 errors=1229 current=release/prepare.py
[2026-09-20T16:32:59Z] [iter=6] HEARTBEAT target_type=call_site elapsed_min=84.0 files_done=63 resolved=989 errors=1255 current=tests/mypy/modules/plugin_fail_baseConfig.py
[2026-09-20T16:36:09Z] [iter=6] HEARTBEAT target_type=call_site elapsed_min=87.2 files_done=64 resolved=990 errors=1305 current=tests/typechecking/pipeline_api.py
[2026-09-20T16:37:09Z] [iter=6] HEARTBEAT target_type=call_site elapsed_min=88.2 files_done=65 resolved=991 errors=1321 current=pydantic/validate_call_decorator.py
[2026-09-20T16:37:54Z] [iter=6] HEARTBEAT target_type=call_site elapsed_min=89.0 files_done=66 resolved=1004 errors=1333 current=tests/test_v1.py
[2026-09-20T16:38:58Z] [iter=6] HEARTBEAT target_type=call_site elapsed_min=90.0 files_done=68 resolved=1026 errors=1350 current=tests/mypy/outputs/mypy-plugin_ini/pydantic_settings.py
[2026-09-20T16:41:07Z] [iter=6] HEARTBEAT target_type=call_site elapsed_min=92.2 files_done=70 resolved=1045 errors=1384 current=pydantic/_internal/_schema_gather.py
[2026-09-20T16:43:49Z] [iter=6] HEARTBEAT target_type=call_site elapsed_min=94.9 files_done=71 resolved=1051 errors=1427 current=tests/mypy/outputs/mypy-plugin_ini/plugin_strict_fields.py
[2026-09-20T16:44:37Z] [iter=6] HEARTBEAT target_type=call_site elapsed_min=95.7 files_done=72 resolved=1051 errors=1440 current=pydantic-core/tests/validators/test_lax_or_strict.py
[2026-09-20T16:45:19Z] [iter=6] HEARTBEAT target_type=call_site elapsed_min=96.4 files_done=73 resolved=1059 errors=1451 current=pydantic-core/tests/benchmarks/test_nested_benchmark.py
[2026-09-20T16:45:49Z] [iter=6] HEARTBEAT target_type=call_site elapsed_min=96.9 files_done=74 resolved=1061 errors=1459 current=tests/typechecking/root_model.py
[2026-09-20T16:46:39Z] [iter=6] HEARTBEAT target_type=call_site elapsed_min=97.7 files_done=79 resolved=1108 errors=1472 current=pydantic/alias_generators.py
[2026-09-20T16:47:36Z] [iter=6] HEARTBEAT target_type=call_site elapsed_min=98.7 files_done=80 resolved=1116 errors=1487 current=pydantic-core/tests/test_docstrings.py
[2026-09-20T16:48:17Z] [iter=6] HEARTBEAT target_type=call_site elapsed_min=99.3 files_done=81 resolved=1120 errors=1498 current=tests/mypy/modules/no_strict_optional.py
[2026-09-20T16:48:54Z] [iter=6] HEARTBEAT target_type=call_site elapsed_min=100.0 files_done=84 resolved=1123 errors=1508 current=pydantic-core/tests/test_garbage_collection.py
[2026-09-20T16:50:06Z] [iter=6] HEARTBEAT target_type=call_site elapsed_min=101.2 files_done=86 resolved=1162 errors=1527 current=pydantic-core/tests/validators/arguments_v3/test_extra.py
[2026-09-20T16:50:48Z] [iter=6] HEARTBEAT target_type=call_site elapsed_min=101.9 files_done=88 resolved=1181 errors=1538 current=pydantic-core/tests/serializers/test_nullable.py
[2026-09-20T16:52:00Z] [iter=6] HEARTBEAT target_type=call_site elapsed_min=103.1 files_done=90 resolved=1205 errors=1557 current=pydantic-core/tests/conftest.py
[2026-09-20T16:52:49Z] [iter=6] HEARTBEAT target_type=call_site elapsed_min=103.9 files_done=91 resolved=1229 errors=1570 current=tests/mypy/modules/strict_equality.py
[2026-09-20T16:54:50Z] [iter=6] HEARTBEAT target_type=call_site elapsed_min=105.9 files_done=94 resolved=1252 errors=1602 current=pydantic-core/tests/validators/test_nullable.py
[2026-09-20T16:55:35Z] [iter=6] HEARTBEAT target_type=call_site elapsed_min=106.6 files_done=95 resolved=1267 errors=1614 current=pydantic/json.py
[2026-09-20T16:56:09Z] [iter=6] HEARTBEAT target_type=call_site elapsed_min=107.2 files_done=97 resolved=1283 errors=1623 current=pydantic-core/tests/validators/test_json_or_python.py
[2026-09-20T16:57:39Z] [iter=6] HEARTBEAT target_type=call_site elapsed_min=108.7 files_done=99 resolved=1295 errors=1647 current=pydantic/datetime_parse.py
[2026-09-20T16:59:10Z] [iter=6] HEARTBEAT target_type=call_site elapsed_min=110.2 files_done=102 resolved=1317 errors=1671 current=pydantic/v1/annotated_types.py
[2026-09-20T16:59:40Z] [iter=6] HEARTBEAT target_type=call_site elapsed_min=110.7 files_done=103 resolved=1323 errors=1679 current=pydantic/warnings.py
[2026-09-20T17:00:25Z] [iter=6] HEARTBEAT target_type=call_site elapsed_min=111.5 files_done=106 resolved=1345 errors=1691 current=tests/test_decorators.py
[2026-09-20T17:00:55Z] [iter=6] HEARTBEAT target_type=call_site elapsed_min=112.0 files_done=107 resolved=1349 errors=1699 current=tests/mypy/outputs/mypy-plugin_ini/decorator_implicit_classmethod.py
[2026-09-20T17:01:40Z] [iter=6] HEARTBEAT target_type=call_site elapsed_min=112.7 files_done=109 resolved=1349 errors=1711 current=pydantic/deprecated/config.py
[2026-09-20T17:02:14Z] [iter=6] HEARTBEAT target_type=call_site elapsed_min=113.3 files_done=111 resolved=1366 errors=1720 current=tests/test_structural_pattern_matching.py
[2026-09-20T17:02:59Z] [iter=6] HEARTBEAT target_type=call_site elapsed_min=114.0 files_done=113 resolved=1368 errors=1732 current=tests/mypy/outputs/mypy-default_ini/root_models.py
[2026-09-20T17:03:37Z] [iter=6] HEARTBEAT target_type=call_site elapsed_min=114.7 files_done=114 resolved=1371 errors=1742 current=tests/mypy/outputs/pyproject-default_toml/pydantic_settings.py
[2026-09-20T17:04:45Z] [iter=6] HEARTBEAT target_type=call_site elapsed_min=115.8 files_done=117 resolved=1379 errors=1760 current=tests/mypy/modules/root_models.py
[2026-09-20T17:05:23Z] [iter=6] HEARTBEAT target_type=call_site elapsed_min=116.4 files_done=118 resolved=1382 errors=1770 current=tests/mypy/outputs/pyproject-default_toml/root_models.py
[2026-09-20T17:06:00Z] [iter=6] HEARTBEAT target_type=call_site elapsed_min=117.1 files_done=119 resolved=1385 errors=1780 current=tests/test_types_payment_card_number.py
[2026-09-20T17:06:34Z] [iter=6] HEARTBEAT target_type=call_site elapsed_min=117.6 files_done=120 resolved=1389 errors=1789 current=tests/mypy/modules/plugin_strict_fields.py
[2026-09-20T17:07:24Z] [iter=6] HEARTBEAT target_type=call_site elapsed_min=118.5 files_done=121 resolved=1389 errors=1802 current=pydantic-core/tests/validators/arguments_v3/test_var_kwargs_unpacked_typed_dict.py
[2026-09-20T17:08:17Z] [iter=6] HEARTBEAT target_type=call_site elapsed_min=119.3 files_done=122 resolved=1405 errors=1816 current=pydantic/errors.py
[2026-09-20T17:09:14Z] [iter=6] HEARTBEAT target_type=call_site elapsed_min=120.3 files_done=125 resolved=1446 errors=1831 current=tests/test_errors.py
[2026-09-20T17:09:52Z] [iter=6] HEARTBEAT target_type=call_site elapsed_min=120.9 files_done=128 resolved=1469 errors=1841 current=tests/mypy/outputs/mypy-plugin-very-strict_ini/metaclass_args.py
[2026-09-20T17:10:26Z] [iter=6] HEARTBEAT target_type=call_site elapsed_min=121.5 files_done=129 resolved=1469 errors=1850 current=pydantic/plugin/_loader.py
[2026-09-20T17:11:04Z] [iter=6] HEARTBEAT target_type=call_site elapsed_min=122.1 files_done=132 resolved=1485 errors=1860 current=tests/mypy/modules/pydantic_settings.py
[2026-09-20T17:12:04Z] [iter=6] HEARTBEAT target_type=call_site elapsed_min=123.1 files_done=136 resolved=1493 errors=1876 current=pydantic/_internal/_serializers.py
[2026-09-20T17:12:42Z] [iter=6] HEARTBEAT target_type=call_site elapsed_min=123.8 files_done=139 resolved=1496 errors=1886 current=tests/test_rich_repr.py
[2026-09-20T17:13:24Z] [iter=6] HEARTBEAT target_type=call_site elapsed_min=124.5 files_done=141 resolved=1509 errors=1897 current=tests/mypy/modules/decorator_implicit_classmethod.py
[2026-09-20T17:14:01Z] [iter=6] HEARTBEAT target_type=call_site elapsed_min=125.1 files_done=144 resolved=1510 errors=1907 current=tests/mypy/modules/from_orm_v1_noconflict.py
[2026-09-20T17:14:32Z] [iter=6] HEARTBEAT target_type=call_site elapsed_min=125.6 files_done=148 resolved=1511 errors=1915 current=tests/mypy/outputs/mypy-plugin-strict_ini/fail_defaults.py
[2026-09-20T17:15:02Z] [iter=6] HEARTBEAT target_type=call_site elapsed_min=126.1 files_done=149 resolved=1511 errors=1923 current=tests/mypy/outputs/pyproject-plugin-strict_toml/fail_defaults.py
[2026-09-20T17:15:43Z] [iter=6] HEARTBEAT target_type=call_site elapsed_min=126.8 files_done=151 resolved=1513 errors=1934 current=tests/mypy/outputs/mypy-plugin_ini/frozen_field.py
[2026-09-20T17:16:13Z] [iter=6] HEARTBEAT target_type=call_site elapsed_min=127.3 files_done=153 resolved=1513 errors=1942 current=tests/plugin/example_plugin.py
[2026-09-20T17:16:54Z] [iter=6] HEARTBEAT target_type=call_site elapsed_min=128.0 files_done=155 resolved=1514 errors=1953 current=tests/benchmarks/test_isinstance.py
[2026-09-20T17:17:25Z] [iter=6] HEARTBEAT target_type=call_site elapsed_min=128.5 files_done=160 resolved=1521 errors=1961 current=tests/typechecking/secret.py
[2026-09-20T17:17:59Z] [iter=6] HEARTBEAT target_type=call_site elapsed_min=129.0 files_done=166 resolved=1522 errors=1970 current=pydantic/error_wrappers.py
[2026-09-20T17:18:45Z] [iter=6] HEARTBEAT target_type=call_site elapsed_min=129.8 files_done=174 resolved=1524 errors=1977 current=pydantic-core/benches/main.rs
[2026-09-20T17:39:35Z] [iter=6] HEARTBEAT target_type=call_site elapsed_min=150.6 files_done=175 resolved=1675 errors=2304 current=pydantic-core/src/errors/validation_exception.rs
[2026-09-20T17:47:35Z] [iter=6] HEARTBEAT target_type=call_site elapsed_min=158.6 files_done=176 resolved=1768 errors=2431 current=pydantic-core/src/serializers/type_serializers/function.rs
[2026-09-20T17:55:16Z] [iter=6] HEARTBEAT target_type=call_site elapsed_min=166.3 files_done=177 resolved=1850 errors=2553 current=pydantic-core/src/validators/arguments_v3.rs
[2026-09-20T18:10:46Z] [iter=6] HEARTBEAT target_type=call_site elapsed_min=181.8 files_done=178 resolved=1928 errors=2799 current=pydantic-core/src/serializers/filter.rs
[2026-09-20T18:19:08Z] [iter=6] HEARTBEAT target_type=call_site elapsed_min=190.2 files_done=179 resolved=2012 errors=2932 current=pydantic-core/src/input/input_json.rs
[2026-09-20T18:32:18Z] [iter=6] HEARTBEAT target_type=call_site elapsed_min=203.4 files_done=180 resolved=2135 errors=3141 current=pydantic-core/src/serializers/shared.rs
[2026-09-20T18:41:55Z] [iter=6] HEARTBEAT target_type=call_site elapsed_min=213.0 files_done=181 resolved=2183 errors=3294 current=pydantic-core/src/serializers/ob_type.rs
[2026-09-20T18:49:36Z] [iter=6] HEARTBEAT target_type=call_site elapsed_min=220.7 files_done=182 resolved=2244 errors=3416 current=pydantic-core/src/validators/dataclass.rs
[2026-09-20T19:04:16Z] [iter=6] HEARTBEAT target_type=call_site elapsed_min=235.3 files_done=183 resolved=2350 errors=3649 current=pydantic-core/src/validators/literal.rs
[2026-09-20T19:09:02Z] [iter=6] CHECKPOINT TRIGGERED elapsed_min=240.1 files_completed=391 new_files_this_iter=183 mem_mb=2159 MB
[2026-09-20T19:09:02Z] [iter=6] Writing partial enrichment graph path=/home/runner/work/forx/forx/storage/aggregate/lsp/f29bd714a4cb863d6da5101daa01250278405ee2.nq.gz triples=268635
[2026-09-20T19:09:08Z] [iter=6] Checkpoint written, exiting with code 7
[2026-09-20T19:09:08Z] [iter=6] PHASE END: enrich (checkpointed) elapsed_s=14405 elapsed_min=240.1 files_completed=391
